error: using `as *const _` conversion
  --> $DIR/as_underscore_ptr.rs:12:5
   |
LL |     &x as *const _ as *const u8
   |     ^^^^^^--------
   |           |
   |           help: consider giving the type explicitly: `*const &u64`
   |
   = note: the pointed to type is still a pointer-like type
note: the lint level is defined here
  --> $DIR/as_underscore_ptr.rs:4:9
   |
LL | #![deny(clippy::as_underscore_ptr)]
   |         ^^^^^^^^^^^^^^^^^^^^^^^^^

error: using `as *const _` conversion
  --> $DIR/as_underscore_ptr.rs:25:9
   |
LL |         &self as *const _ as *const u8
   |         ^^^^^^^^^--------
   |                  |
   |                  help: consider giving the type explicitly: `*const &UwU`
   |
   = note: the pointed to type is still a pointer-like type

error: using `as *const _` conversion
  --> $DIR/as_underscore_ptr.rs:32:24
   |
LL |     let _: *const u8 = 1 as *const _;
   |                        ^^^^^--------
   |                             |
   |                             help: consider giving the type explicitly: `*const u8`

error: using `as *const _` conversion
  --> $DIR/as_underscore_ptr.rs:33:13
   |
LL |     use_ptr(1 as *const _);
   |             ^^^^^--------
   |                  |
   |                  help: consider giving the type explicitly: `*const ()`

error: using `as *mut _` conversion
  --> $DIR/as_underscore_ptr.rs:35:22
   |
LL |     let _: *mut u8 = 1 as *mut _;
   |                      ^^^^^------
   |                           |
   |                           help: consider giving the type explicitly: `*mut u8`

error: using `as *const _` conversion
  --> $DIR/as_underscore_ptr.rs:43:13
   |
LL |     let _ = r as *const _;
   |             ^^^^^--------
   |                  |
   |                  help: consider giving the type explicitly: `*const &i32`
   |
   = note: the pointed to type is still a pointer-like type

error: using `as *const _` conversion
  --> $DIR/as_underscore_ptr.rs:47:13
   |
LL |     let _ = r as *const _;
   |             ^^^^^--------
   |                  |
   |                  help: consider giving the type explicitly: `*const &mut i32`
   |
   = note: the pointed to type is still a pointer-like type

error: using `as *mut _` conversion
  --> $DIR/as_underscore_ptr.rs:51:13
   |
LL |     let _ = r as *mut _;
   |             ^^^^^------
   |                  |
   |                  help: consider giving the type explicitly: `*mut &i32`
   |
   = note: the pointed to type is still a pointer-like type

error: using `as *mut _` conversion
  --> $DIR/as_underscore_ptr.rs:55:13
   |
LL |     let _ = r as *mut _;
   |             ^^^^^------
   |                  |
   |                  help: consider giving the type explicitly: `*mut &mut i32`
   |
   = note: the pointed to type is still a pointer-like type

error: using `as *const _` conversion
  --> $DIR/as_underscore_ptr.rs:60:13
   |
LL |     let _ = r as *const _;
   |             ^^^^^--------
   |                  |
   |                  help: consider giving the type explicitly: `*const std::boxed::Box<i32>`
   |
   = note: the pointed to type is still a pointer-like type

error: using `as *const _` conversion
  --> $DIR/as_underscore_ptr.rs:65:13
   |
LL |     let _ = r as *const _;
   |             ^^^^^--------
   |                  |
   |                  help: consider giving the type explicitly: `*const std::rc::Rc<i32>`
   |
   = note: the pointed to type is still a pointer-like type

error: aborting due to 11 previous errors

